Data: 01 d4 d4 d4 ec ec ec ec ec ec ef ef ef f5 f5 f5 00 00 00 0b 0b 0b 11 11 11 14 14 14 14 14 14 04 ec ec ec e5 e5 e5 e3 e3 e3 e9 e9 e9 f5 f5 f5 00 00 00 0b 0b 0b 17 17 17 f9 f9 f9 00 00 00 04 ec ec ec e3 e3 e3 db db db e8 e8 e8 f4 f4 f4 00 00 00 0c 0c 0c f2 f2 f2 00 00 00 07 07 07 04 ef ef ef e9 e9 e9 e8 e8 e8 e5 e5 e5 f0 f0 f0 00 00 00 10 10 10 00 00 00 0e 0e 0e 13 13 13 04 f5 f5 f5 f5 f5 f5 f4 f4 f4 f0 f0 f0 ee ee ee 00 00 00 00 00 00 0f 0f 0f f5 f5 f5 f5 f5 f5 02 00 00 00 00 00 00 00 00 00 00 00 00 00 00 00 00 00 00 00 00 00 00 00 00 00 00 00 00 00 00 04 0b 0b 0b 0b 0b 0b 0c 0c 0c 10 10 10 00 00 00 00 00 00 10 10 10 0c 0c 0c 0b 0b 0b 0b 0b 0b 04 11 11 11 17 17 17 f2 f2 f2 00 00 00 0f 0f 0f 00 00 00 0c 0c 0c 18 18 18 17 17 17 11 11 11 04 14 14 14 f9 f9 f9 00 00 00 0e 0e 0e f5 f5 f5 00 00 00 0b 0b 0b 17 17 17 1d 1d 1d 14 14 14 04 13 13 13 00 00 00 07 07 07 13 13 13 f5 f5 f5 00 00 00 0b 0b 0b 11 11 11 14 14 14 14 14 14 
